2026-05-04 15:03:44 [error]: TypeError: Do not know how to serialize a BigInt
    at JSON.stringify (<anonymous>)
    at stringify (/home/bekmurod/lwt-cipper/backend/node_modules/express/lib/response.js:1160:12)
    at ServerResponse.json (/home/bekmurod/lwt-cipper/backend/node_modules/express/lib/response.js:271:14)
    at /home/bekmurod/lwt-cipper/backend/src/routes/crypto.ts:134:7
    at processTicksAndRejections (node:internal/process/task_queues:104:5)
2026-05-04 16:00:26 [error]: TypeError: Do not know how to serialize a BigInt
    at JSON.stringify (<anonymous>)
    at stringify (C:\Users\1\Desktop\univer\diplom\code\lwt-cipper\lwt-cipper\backend\node_modules\express\lib\response.js:1160:12)
    at ServerResponse.json (C:\Users\1\Desktop\univer\diplom\code\lwt-cipper\lwt-cipper\backend\node_modules\express\lib\response.js:271:14)
    at C:\Users\1\Desktop\univer\diplom\code\lwt-cipper\lwt-cipper\backend\src\routes\crypto.ts:134:7
    at processTicksAndRejections (node:internal/process/task_queues:103:5)
2026-05-04 16:13:12 [error]: Error: File type application/vnd.openxmlformats-officedocument.wordprocessingml.document is not allowed
    at fileFilter (C:\Users\1\Desktop\univer\diplom\code\lwt-cipper\lwt-cipper\backend\src\middleware\upload.ts:30:8)
    at wrappedFileFilter (C:\Users\1\Desktop\univer\diplom\code\lwt-cipper\lwt-cipper\backend\node_modules\multer\index.js:44:7)
    at Multipart.<anonymous> (C:\Users\1\Desktop\univer\diplom\code\lwt-cipper\lwt-cipper\backend\node_modules\multer\lib\make-middleware.js:109:7)
    at Multipart.emit (node:events:508:28)
    at HeaderParser.cb (C:\Users\1\Desktop\univer\diplom\code\lwt-cipper\lwt-cipper\backend\node_modules\busboy\lib\types\multipart.js:358:14)
    at HeaderParser.push (C:\Users\1\Desktop\univer\diplom\code\lwt-cipper\lwt-cipper\backend\node_modules\busboy\lib\types\multipart.js:162:20)
    at SBMH.ssCb [as _cb] (C:\Users\1\Desktop\univer\diplom\code\lwt-cipper\lwt-cipper\backend\node_modules\busboy\lib\types\multipart.js:394:37)
    at feed (C:\Users\1\Desktop\univer\diplom\code\lwt-cipper\lwt-cipper\backend\node_modules\streamsearch\lib\sbmh.js:248:10)
    at SBMH.push (C:\Users\1\Desktop\univer\diplom\code\lwt-cipper\lwt-cipper\backend\node_modules\streamsearch\lib\sbmh.js:104:16)
    at Multipart._write (C:\Users\1\Desktop\univer\diplom\code\lwt-cipper\lwt-cipper\backend\node_modules\busboy\lib\types\multipart.js:567:19)
2026-05-04 17:51:47 [error]: Error: Invalid result file format - missing required fields
    at createError (C:\Users\1\Desktop\univer\diplom\code\lwt-cipper\lwt-cipper\backend\src\middleware\errorHandler.ts:50:17)
    at C:\Users\1\Desktop\univer\diplom\code\lwt-cipper\lwt-cipper\backend\src\routes\crypto.ts:241:22
    at newFn (C:\Users\1\Desktop\univer\diplom\code\lwt-cipper\lwt-cipper\backend\node_modules\express-async-errors\index.js:16:20)
    at Layer.handle [as handle_request] (C:\Users\1\Desktop\univer\diplom\code\lwt-cipper\lwt-cipper\backend\node_modules\express\lib\router\layer.js:95:5)
    at next (C:\Users\1\Desktop\univer\diplom\code\lwt-cipper\lwt-cipper\backend\node_modules\express\lib\router\route.js:149:13)
    at done (C:\Users\1\Desktop\univer\diplom\code\lwt-cipper\lwt-cipper\backend\node_modules\multer\lib\make-middleware.js:47:7)
    at indicateDone (C:\Users\1\Desktop\univer\diplom\code\lwt-cipper\lwt-cipper\backend\node_modules\multer\lib\make-middleware.js:51:68)
    at Multipart.<anonymous> (C:\Users\1\Desktop\univer\diplom\code\lwt-cipper\lwt-cipper\backend\node_modules\multer\lib\make-middleware.js:168:7)
    at Multipart.emit (node:events:508:28)
    at emitCloseNT (node:internal/streams/destroy:148:10)
2026-05-04 17:53:56 [error]: TypeError: Do not know how to serialize a BigInt
    at JSON.stringify (<anonymous>)
    at stringify (C:\Users\1\Desktop\univer\diplom\code\lwt-cipper\lwt-cipper\backend\node_modules\express\lib\response.js:1160:12)
    at ServerResponse.json (C:\Users\1\Desktop\univer\diplom\code\lwt-cipper\lwt-cipper\backend\node_modules\express\lib\response.js:271:14)
    at C:\Users\1\Desktop\univer\diplom\code\lwt-cipper\lwt-cipper\backend\src\routes\crypto.ts:167:7
    at processTicksAndRejections (node:internal/process/task_queues:103:5)
2026-05-04 17:54:10 [error]: TypeError: Do not know how to serialize a BigInt
    at JSON.stringify (<anonymous>)
    at stringify (C:\Users\1\Desktop\univer\diplom\code\lwt-cipper\lwt-cipper\backend\node_modules\express\lib\response.js:1160:12)
    at ServerResponse.json (C:\Users\1\Desktop\univer\diplom\code\lwt-cipper\lwt-cipper\backend\node_modules\express\lib\response.js:271:14)
    at C:\Users\1\Desktop\univer\diplom\code\lwt-cipper\lwt-cipper\backend\src\routes\crypto.ts:167:7
    at processTicksAndRejections (node:internal/process/task_queues:103:5)
2026-05-04 18:00:40 [error]: MulterError: File too large
    at abortWithCode (C:\Users\1\Desktop\univer\diplom\code\lwt-cipper\lwt-cipper\backend\node_modules\multer\lib\make-middleware.js:73:22)
    at FileStream.<anonymous> (C:\Users\1\Desktop\univer\diplom\code\lwt-cipper\lwt-cipper\backend\node_modules\multer\lib\make-middleware.js:136:11)
    at FileStream.emit (node:events:508:28)
    at SBMH.ssCb [as _cb] (C:\Users\1\Desktop\univer\diplom\code\lwt-cipper\lwt-cipper\backend\node_modules\busboy\lib\types\multipart.js:479:32)
    at feed (C:\Users\1\Desktop\univer\diplom\code\lwt-cipper\lwt-cipper\backend\node_modules\streamsearch\lib\sbmh.js:248:10)
    at SBMH.push (C:\Users\1\Desktop\univer\diplom\code\lwt-cipper\lwt-cipper\backend\node_modules\streamsearch\lib\sbmh.js:104:16)
    at Multipart._write (C:\Users\1\Desktop\univer\diplom\code\lwt-cipper\lwt-cipper\backend\node_modules\busboy\lib\types\multipart.js:567:19)
    at writeOrBuffer (node:internal/streams/writable:570:12)
    at _write (node:internal/streams/writable:499:10)
    at Multipart.Writable.write (node:internal/streams/writable:508:10)
2026-05-04 18:23:23 [error]: TypeError: Do not know how to serialize a BigInt
    at JSON.stringify (<anonymous>)
    at stringify (C:\Users\1\Desktop\univer\diplom\code\lwt-cipper\lwt-cipper\backend\node_modules\express\lib\response.js:1160:12)
    at ServerResponse.json (C:\Users\1\Desktop\univer\diplom\code\lwt-cipper\lwt-cipper\backend\node_modules\express\lib\response.js:271:14)
    at C:\Users\1\Desktop\univer\diplom\code\lwt-cipper\lwt-cipper\backend\src\routes\crypto.ts:134:7
    at processTicksAndRejections (node:internal/process/task_queues:103:5)
2026-05-04 18:31:33 [error]: TypeError: Do not know how to serialize a BigInt
    at JSON.stringify (<anonymous>)
    at stringify (C:\Users\1\Desktop\univer\diplom\code\lwt-cipper\lwt-cipper\backend\node_modules\express\lib\response.js:1160:12)
    at ServerResponse.json (C:\Users\1\Desktop\univer\diplom\code\lwt-cipper\lwt-cipper\backend\node_modules\express\lib\response.js:271:14)
    at C:\Users\1\Desktop\univer\diplom\code\lwt-cipper\lwt-cipper\backend\src\routes\crypto.ts:134:7
    at processTicksAndRejections (node:internal/process/task_queues:103:5)
2026-05-04 18:31:46 [error]: TypeError: Do not know how to serialize a BigInt
    at JSON.stringify (<anonymous>)
    at stringify (C:\Users\1\Desktop\univer\diplom\code\lwt-cipper\lwt-cipper\backend\node_modules\express\lib\response.js:1160:12)
    at ServerResponse.json (C:\Users\1\Desktop\univer\diplom\code\lwt-cipper\lwt-cipper\backend\node_modules\express\lib\response.js:271:14)
    at C:\Users\1\Desktop\univer\diplom\code\lwt-cipper\lwt-cipper\backend\src\routes\crypto.ts:134:7
    at processTicksAndRejections (node:internal/process/task_queues:103:5)
2026-05-04 18:31:55 [error]: TypeError: Do not know how to serialize a BigInt
    at JSON.stringify (<anonymous>)
    at stringify (C:\Users\1\Desktop\univer\diplom\code\lwt-cipper\lwt-cipper\backend\node_modules\express\lib\response.js:1160:12)
    at ServerResponse.json (C:\Users\1\Desktop\univer\diplom\code\lwt-cipper\lwt-cipper\backend\node_modules\express\lib\response.js:271:14)
    at C:\Users\1\Desktop\univer\diplom\code\lwt-cipper\lwt-cipper\backend\src\routes\crypto.ts:134:7
    at processTicksAndRejections (node:internal/process/task_queues:103:5)
2026-05-04 18:33:19 [error]: TypeError: Do not know how to serialize a BigInt
    at JSON.stringify (<anonymous>)
    at stringify (C:\Users\1\Desktop\univer\diplom\code\lwt-cipper\lwt-cipper\backend\node_modules\express\lib\response.js:1160:12)
    at ServerResponse.json (C:\Users\1\Desktop\univer\diplom\code\lwt-cipper\lwt-cipper\backend\node_modules\express\lib\response.js:271:14)
    at C:\Users\1\Desktop\univer\diplom\code\lwt-cipper\lwt-cipper\backend\src\routes\crypto.ts:134:7
    at processTicksAndRejections (node:internal/process/task_queues:103:5)
2026-05-04 18:34:34 [error]: TypeError: Do not know how to serialize a BigInt
    at JSON.stringify (<anonymous>)
    at stringify (C:\Users\1\Desktop\univer\diplom\code\lwt-cipper\lwt-cipper\backend\node_modules\express\lib\response.js:1160:12)
    at ServerResponse.json (C:\Users\1\Desktop\univer\diplom\code\lwt-cipper\lwt-cipper\backend\node_modules\express\lib\response.js:271:14)
    at C:\Users\1\Desktop\univer\diplom\code\lwt-cipper\lwt-cipper\backend\src\routes\crypto.ts:134:7
    at processTicksAndRejections (node:internal/process/task_queues:103:5)
